// Jest Snapshot v1, https://goo.gl/fbAQLP

exports[`<Home /> should snapshot the Home page 1`] = `
.c1 {
  display: flex;
  background-color: #4EA8DE;
}

.c0 {
  display: flex;
  justify-content: center;
  margin-top: 50px;
}

.c2 {
  background: #262626;
}

<main
  class="c0"
>
  <img
    alt="Logo ToDo"
    src="test-file-stub"
  />
  <input
    placeholder="Adicione uma nova tarefa"
    type="text"
  />
  <main
    class="c1"
  >
    <h1>
      Criar
    </h1>
    <svg
      aria-label="Ícone com sinal de mais"
      fill="currentColor"
      height="32"
      viewBox="0 0 256 256"
      width="32"
      xmlns="http://www.w3.org/2000/svg"
    >
      <rect
        fill="none"
        height="256"
        width="256"
      />
      <circle
        cx="128"
        cy="128"
        fill="none"
        r="96"
        stroke="currentColor"
        stroke-miterlimit="10"
        stroke-width="16"
      />
      <line
        fill="none"
        stroke="currentColor"
        stroke-linecap="round"
        stroke-linejoin="round"
        stroke-width="16"
        x1="88"
        x2="168"
        y1="128"
        y2="128"
      />
      <line
        fill="none"
        stroke="currentColor"
        stroke-linecap="round"
        stroke-linejoin="round"
        stroke-width="16"
        x1="128"
        x2="128"
        y1="88"
        y2="168"
      />
    </svg>
  </main>
  <p>
    Tarefas criadas
  </p>
  <span>
    0
  </span>
  <p>
    Concluídas
  </p>
  <span>
    0
  </span>
  );
  <main
    class="c2"
  >
    <h1>
      Você ainda não tem tarefas cadastradas
    </h1>
  </main>
</main>
`;
