// Jest Snapshot v1, https://goo.gl/fbAQLP

exports[`<EmptySection /> should snapshot the EmptySection component 1`] = `
.c0 {
  display: flex;
  flex-direction: column;
  align-items: center;
  margin-top: 50px;
  color: #808080;
}

.c0 img {
  margin-bottom: 20px;
}

.c0 h1 {
  margin-bottom: 2px;
  font-size: 1.2rem;
}

<main
  class="c0"
>
  <img
    alt="Ícone prancheta"
    src="test-file-stub"
  />
  <h1>
    Você ainda não tem tarefas cadastradas
  </h1>
  <p>
    Crie tarefas e organize seus itens a fazer
  </p>
</main>
`;
